// Jest Snapshot v1, https://goo.gl/fbAQLP

exports[`Test UserTodos matches snapshot 1`] = `
<body>
  <div>
    <ul />
  </div>
</body>
`;
